// Jest Snapshot v1, https://goo.gl/fbAQLP

exports[`component/loader.vue renders correctly 1`] = `
<div
  id="loader"
>
  <v-progress-circular-stub
    color="amber"
    indeterminate="true"
    rotate="0"
    size="70"
    value="0"
    width="7"
  />
</div>
`;
